// Jest Snapshot v1, https://goo.gl/fbAQLP

exports[`Profile component should render Profile component  1`] = `
<WithStyles(ForwardRef(Card))
  variant="outlined"
/>
`;
